TAP version 13
# Subtest: real runtime pipeline: no writes before approval; journal commits before API and delta verifies metadata
ok 1 - real runtime pipeline: no writes before approval; journal commits before API and delta verifies metadata
  ---
  duration_ms: 70.675936
  type: 'test'
  ...
# Subtest: real API200 with mismatching HTML remains unverified and cannot repeat write
ok 2 - real API200 with mismatching HTML remains unverified and cannot repeat write
  ---
  duration_ms: 15.970607
  type: 'test'
  ...
# Subtest: real preflight refuses a stale resource before persisting any approval token or writing
ok 3 - real preflight refuses a stale resource before persisting any approval token or writing
  ---
  duration_ms: 5.664039
  type: 'test'
  ...
# Subtest: real journal retains unknown outcome after lost response and stops independent remaining writes
ok 4 - real journal retains unknown outcome after lost response and stops independent remaining writes
  ---
  duration_ms: 34.732601
  type: 'test'
  ...
# Subtest: IndexedDB revision CAS rejects stale run writers and history stays scoped to client
ok 5 - IndexedDB revision CAS rejects stale run writers and history stays scoped to client
  ---
  duration_ms: 3.459774
  type: 'test'
  ...
# Subtest: site lock denies another caller while first holds ownership
ok 6 - site lock denies another caller while first holds ownership
  ---
  duration_ms: 0.558189
  type: 'test'
  ...
# Subtest: corrupt saved run aborts the transaction without an unhandled parser exception
ok 7 - corrupt saved run aborts the transaction without an unhandled parser exception
  ---
  duration_ms: 2.728898
  type: 'test'
  ...
1..7
# tests 7
# suites 0
# pass 7
# fail 0
# cancelled 0
# skipped 0
# todo 0
# duration_ms 298.642852
